// Jest Snapshot v1, https://goo.gl/fbAQLP

exports[`FormContainer should match the snapshot 1`] = `
<RCTScrollView>
  <View>
    <View
      style={
        [
          {
            "display": "flex",
            "width": "100%",
          },
          {
            "alignItems": "stretch",
            "columnGap": undefined,
            "flexBasis": undefined,
            "flexDirection": "column",
            "flexWrap": "nowrap",
            "gap": undefined,
            "justifyContent": "flex-start",
            "padding": 5,
            "rowGap": 10,
          },
        ]
      }
    >
      Test
    </View>
  </View>
</RCTScrollView>
`;
